---
source: tests/run.rs
expression: rust_output
input_file: tests/programs/f24.hvm
---
Result: {+inf {-inf {+NaN {2.5 {-1.5 {1.1499939 {0.25 {0.5 {0 {1 {1 {0 {0 {0 {0 {+NaN {+inf {-inf {1.019989 {0.1000061 {0.1000061 {-0.1000061 {-0.1000061 *}}}}}}}}}}}}}}}}}}}}}}}
