---
source: tests/run.rs
expression: rust_output
input_file: examples/tuples/tuples.hvm
---
Result: ((0 (3 (4 (5 (6 (7 (8 (1 (2 x0))))))))) x0)
