---
source: tests/run.rs
expression: rust_output
input_file: tests/programs/safety-check.hvm
---
ERROR: attempt to clone a non-affine global reference.
