---
source: tests/run.rs
expression: rust_output
input_file: tests/programs/numeric-casts.hvm
---
Result: {0 {1234 {4321 {16771538 {2 {0 {16777215 {16777215 {0 {0 {+0 {+1234 {+4321 {-5678 {+2 {-12 {+8388607 {-8388608 {+8388607 {-8388608 {+0 {+NaN {+inf {-inf {2.1500244 {-2.1500244 {0.15000153 {-1234.0 {1234.0 {123456.0 {16775936.0 {[u24] {[i24] {[f24] *}}}}}}}}}}}}}}}}}}}}}}}}}}}}}}}}}}
